// Jest Snapshot v1, https://goo.gl/fbAQLP

exports[`Avatar Group component default component should render properly 1`] = `
Object {
  "asFragment": [Function],
  "baseElement": <body>
    <div>
      <div
        class="avatar-list"
      >
        <div
          class="avatar md"
          style="z-index: 0;"
        >
          <img
            alt="John's profile picture"
            src="https://randomuser.me/api/portraits/men/1.jpg"
          />
        </div>
        <div
          class="avatar md"
          style="z-index: 1;"
        >
          <img
            alt="John's profile picture"
            src="https://randomuser.me/api/portraits/men/3.jpg"
          />
        </div>
        <div
          class="avatar md"
          style="z-index: 2;"
        >
          JD
        </div>
        <div
          class="avatar md"
          style="z-index: 3;"
        >
          <img
            alt="John's profile picture"
            src="https://randomuser.me/api/portraits/men/1.jpg"
          />
        </div>
        <div
          class="avatar md"
          style="z-index: 4;"
        >
          +8
        </div>
      </div>
    </div>
  </body>,
  "container": <div>
    <div
      class="avatar-list"
    >
      <div
        class="avatar md"
        style="z-index: 0;"
      >
        <img
          alt="John's profile picture"
          src="https://randomuser.me/api/portraits/men/1.jpg"
        />
      </div>
      <div
        class="avatar md"
        style="z-index: 1;"
      >
        <img
          alt="John's profile picture"
          src="https://randomuser.me/api/portraits/men/3.jpg"
        />
      </div>
      <div
        class="avatar md"
        style="z-index: 2;"
      >
        JD
      </div>
      <div
        class="avatar md"
        style="z-index: 3;"
      >
        <img
          alt="John's profile picture"
          src="https://randomuser.me/api/portraits/men/1.jpg"
        />
      </div>
      <div
        class="avatar md"
        style="z-index: 4;"
      >
        +8
      </div>
    </div>
  </div>,
  "debug": [Function],
  "findAllByAltText": [Function],
  "findAllByDisplayValue": [Function],
  "findAllByLabelText": [Function],
  "findAllByPlaceholderText": [Function],
  "findAllByRole": [Function],
  "findAllByTestId": [Function],
  "findAllByText": [Function],
  "findAllByTitle": [Function],
  "findByAltText": [Function],
  "findByDisplayValue": [Function],
  "findByLabelText": [Function],
  "findByPlaceholderText": [Function],
  "findByRole": [Function],
  "findByTestId": [Function],
  "findByText": [Function],
  "findByTitle": [Function],
  "getAllByAltText": [Function],
  "getAllByDisplayValue": [Function],
  "getAllByLabelText": [Function],
  "getAllByPlaceholderText": [Function],
  "getAllByRole": [Function],
  "getAllByTestId": [Function],
  "getAllByText": [Function],
  "getAllByTitle": [Function],
  "getByAltText": [Function],
  "getByDisplayValue": [Function],
  "getByLabelText": [Function],
  "getByPlaceholderText": [Function],
  "getByRole": [Function],
  "getByTestId": [Function],
  "getByText": [Function],
  "getByTitle": [Function],
  "queryAllByAltText": [Function],
  "queryAllByDisplayValue": [Function],
  "queryAllByLabelText": [Function],
  "queryAllByPlaceholderText": [Function],
  "queryAllByRole": [Function],
  "queryAllByTestId": [Function],
  "queryAllByText": [Function],
  "queryAllByTitle": [Function],
  "queryByAltText": [Function],
  "queryByDisplayValue": [Function],
  "queryByLabelText": [Function],
  "queryByPlaceholderText": [Function],
  "queryByRole": [Function],
  "queryByTestId": [Function],
  "queryByText": [Function],
  "queryByTitle": [Function],
  "rerender": [Function],
  "unmount": [Function],
}
`;
